// Jest Snapshot v1, https://goo.gl/fbAQLP

exports[`Config required with unknown template throws 1`] = `"The option \`template\` is required."`;

exports[`Config required without path throws 1`] = `"The option \`path\` is required."`;

exports[`Config required without template throws 1`] = `"The option \`template\` is required."`;
